src/services/admin/admin-restaurant-service.ts(26,60): error TS2339: Property 'findAll' does not exist on type 'RestaurantRepositoryInterface'.
src/services/admin/admin-restaurant-service.ts(27,27): error TS7006: Parameter 'a' implicitly has an 'any' type.
src/services/admin/admin-restaurant-service.ts(27,30): error TS7006: Parameter 'b' implicitly has an 'any' type.
src/services/user/user-restaurant-service.ts(15,60): error TS2339: Property 'findAll' does not exist on type 'RestaurantRepositoryInterface'.
src/services/user/user-restaurant-service.ts(16,27): error TS7006: Parameter 'a' implicitly has an 'any' type.
src/services/user/user-restaurant-service.ts(16,30): error TS7006: Parameter 'b' implicitly has an 'any' type.
